🚀 E2E Global Setup: Starting
  → Test authentication configured via .claude-credentials
  → Admin account password will NOT be modified
  ✅ .claude-credentials found
✅ E2E Global Setup: Complete

Running 91 tests using 1 worker

  ✘   1 [chromium] › e2e/forums/replies-crud.spec.ts:26:7 › Reply System - Create › should create a top-level reply (2ms)
  ✘   2 [chromium] › e2e/forums/replies-crud.spec.ts:58:7 › Reply System - Create › should create multiple replies in sequence (2ms)
  ✘   3 [chromium] › e2e/forums/replies-crud.spec.ts:95:7 › Reply System - Nested Threading › should create nested reply (depth 1) (2ms)
  ✘   4 [chromium] › e2e/forums/replies-crud.spec.ts:123:7 › Reply System - Nested Threading › should create reply thread up to max depth (5 levels) (2ms)
  -   5 [chromium] › e2e/forums/replies-crud.spec.ts:163:8 › Reply System - Nested Threading › should enforce maximum nesting depth (reject depth 6)
  ✘   6 [chromium] › e2e/forums/replies-crud.spec.ts:186:7 › Reply System - Update › should edit reply content (2ms)
  ✘   7 [chromium] › e2e/forums/replies-crud.spec.ts:232:7 › Reply System - Update › should allow reply owner to edit own reply (2ms)
  ✘   8 [chromium] › e2e/forums/replies-crud.spec.ts:269:7 › Reply System - Delete › should delete reply (soft delete) (2ms)
  ✘   9 [chromium] › e2e/forums/replies-crud.spec.ts:322:7 › Reply System - Solution Marking › should mark reply as solution (2ms)
  ✘  10 [chromium] › e2e/forums/replies-crud.spec.ts:358:7 › Reply System - Solution Marking › should unmark solution (2ms)
  ✘  11 [chromium] › e2e/forums/replies-crud.spec.ts:402:7 › Reply System - Solution Marking › should prevent multiple solutions on same topic (Bug #3) (2ms)
  ✘  12 [chromium] › e2e/forums/security/authorization.spec.ts:35:7 › Authorization - Anonymous User Restrictions › anonymous user can view public topics but not create (2ms)
  ✘  13 [chromium] › e2e/forums/security/authorization.spec.ts:59:7 › Authorization - Anonymous User Restrictions › anonymous user cannot vote on replies (2ms)
  ✓  14 [chromium] › e2e/forums/security/authorization.spec.ts:83:7 › Authorization - Anonymous User Restrictions › anonymous user cannot create reply via API (313ms)
  ✘  15 [chromium] › e2e/forums/security/authorization.spec.ts:98:7 › Authorization - User Cannot Edit Others' Content › user cannot edit another user's topic (1ms)
  ✘  16 [chromium] › e2e/forums/security/authorization.spec.ts:127:7 › Authorization - User Cannot Edit Others' Content › user cannot delete another user's topic via API (2ms)
  ✘  17 [chromium] › e2e/forums/security/authorization.spec.ts:161:7 › Authorization - User Cannot Edit Others' Content › user cannot delete another user's reply (2ms)
  ✘  18 [chromium] › e2e/forums/security/authorization.spec.ts:187:7 › Authorization - Moderator-Only Actions › regular user cannot lock topics (2ms)
  ✘  19 [chromium] › e2e/forums/security/authorization.spec.ts:219:7 › Authorization - Moderator-Only Actions › regular user cannot pin topics (2ms)
  ✘  20 [chromium] › e2e/forums/security/authorization.spec.ts:249:7 › Authorization - Moderator-Only Actions › moderator CAN perform moderation actions (2ms)
  ✘  21 [chromium] › e2e/forums/security/authorization.spec.ts:284:7 › Authorization - Admin-Only Category Access › non-admin cannot access admin-only category (2ms)
  ✘  22 [chromium] › e2e/forums/security/authorization.spec.ts:323:7 › Authorization - Admin-Only Category Access › hidden category returns 404 not 403 to prevent info leakage (2ms)
  ✘  23 [chromium] › e2e/forums/security/authorization.spec.ts:345:7 › Authorization - Permission Bypass Attempts › cannot bypass permissions via API with manipulated request (2ms)
  ✘  24 [chromium] › e2e/forums/security/authorization.spec.ts:362:7 › Authorization - Permission Bypass Attempts › cannot escalate privileges via manipulated session (2ms)
  ✘  25 [chromium] › e2e/forums/security/authorization.spec.ts:388:7 › Authorization - Voting Permissions › authenticated user CAN vote on replies (2ms)
  ✘  26 [chromium] › e2e/forums/security/authorization.spec.ts:418:7 › Authorization - Voting Permissions › user cannot vote on own reply (2ms)
  ✓  27 [chromium] › e2e/forums/security/csrf.spec.ts:23:7 › CSRF Protection - Token Validation › should reject requests without proper CSRF protection (265ms)
  ✘  28 [chromium] › e2e/forums/security/csrf.spec.ts:55:7 › CSRF Protection - Token Validation › should validate Origin header for state-changing requests (7ms)
  ✘  29 [chromium] › e2e/forums/security/csrf.spec.ts:94:7 › CSRF Protection - Token Validation › should allow requests with valid Origin and session (2ms)
  ✘  30 [chromium] › e2e/forums/security/csrf.spec.ts:137:7 › CSRF Protection - Same-Site Cookie Enforcement › session cookies should have SameSite attribute (2ms)
  ✘  31 [chromium] › e2e/forums/security/csrf.spec.ts:176:7 › CSRF Protection - Same-Site Cookie Enforcement › session cookies should be httpOnly to prevent XSS theft (2ms)
  ✘  32 [chromium] › e2e/forums/security/csrf.spec.ts:237:7 › CSRF Protection - Double Submit Cookie Pattern › should implement some form of CSRF protection mechanism (2ms)
  ✘  33 [chromium] › e2e/forums/security/rate-limiting.spec.ts:24:7 › Rate Limiting - Topic Creation › should enforce topic creation rate limit (2ms)
  -  34 [chromium] › e2e/forums/security/rate-limiting.spec.ts:110:8 › Rate Limiting - Topic Creation › should reset rate limit after time window
  ✘  35 [chromium] › e2e/forums/security/rate-limiting.spec.ts:170:7 › Rate Limiting - Reply Creation › should enforce reply creation rate limit (2ms)
  ✘  36 [chromium] › e2e/forums/security/rate-limiting.spec.ts:265:7 › Rate Limiting - Voting › should handle rapid voting attempts gracefully (2ms)
  ✘  37 [chromium] › e2e/forums/security/sql-injection.spec.ts:24:7 › SQL Injection Prevention - Search Queries › should prevent basic OR-based SQL injection in search (2ms)
  ✘  38 [chromium] › e2e/forums/security/sql-injection.spec.ts:61:7 › SQL Injection Prevention - Search Queries › should prevent UNION-based SQL injection in search (2ms)
  ✘  39 [chromium] › e2e/forums/security/sql-injection.spec.ts:88:7 › SQL Injection Prevention - Search Queries › should prevent comment-based SQL injection in search (2ms)
  ✘  40 [chromium] › e2e/forums/security/sql-injection.spec.ts:121:7 › SQL Injection Prevention - Topic Creation › should prevent SQL injection in topic title (2ms)
  ✘  41 [chromium] › e2e/forums/security/sql-injection.spec.ts:154:7 › SQL Injection Prevention - Topic Creation › should prevent SQL injection in topic content (2ms)
  ✘  42 [chromium] › e2e/forums/security/sql-injection.spec.ts:185:7 › SQL Injection Prevention - Category Filtering › should prevent SQL injection in category filter (2ms)
  ✘  43 [chromium] › e2e/forums/security/sql-injection.spec.ts:213:7 › SQL Injection Prevention - Time-Based Detection › should not be vulnerable to time-based blind SQL injection (2ms)
  ✘  44 [chromium] › e2e/forums/security/sql-injection.spec.ts:252:7 › SQL Injection Prevention - Time-Based Detection › should handle malformed SQL gracefully (2ms)
  ✘  45 [chromium] › e2e/forums/security/xss-prevention.spec.ts:25:7 › XSS Prevention - Topic Titles › should sanitize script tags in topic title (2ms)
  ✘  46 [chromium] › e2e/forums/security/xss-prevention.spec.ts:50:7 › XSS Prevention - Topic Titles › should sanitize event handlers in topic title (2ms)
  ✘  47 [chromium] › e2e/forums/security/xss-prevention.spec.ts:73:7 › XSS Prevention - Topic Titles › should sanitize JavaScript URLs in topic title (2ms)
  ✘  48 [chromium] › e2e/forums/security/xss-prevention.spec.ts:97:7 › XSS Prevention - Reply Content › should sanitize script tags in reply content (2ms)
  ✘  49 [chromium] › e2e/forums/security/xss-prevention.spec.ts:126:7 › XSS Prevention - Reply Content › should sanitize img onerror handlers in reply content (2ms)
  ✘  50 [chromium] › e2e/forums/security/xss-prevention.spec.ts:153:7 › XSS Prevention - Reply Content › should sanitize SVG onload handlers in reply content (2ms)
  ✘  51 [chromium] › e2e/forums/security/xss-prevention.spec.ts:180:7 › XSS Prevention - Reply Content › should sanitize data URLs in reply content (2ms)
  ✘  52 [chromium] › e2e/forums/security/xss-prevention.spec.ts:207:7 › XSS Prevention - Reply Content › should sanitize CSS injection in reply content (2ms)
  ✘  53 [chromium] › e2e/forums/security/xss-prevention.spec.ts:242:7 › XSS Prevention - Encoded Payloads › should sanitize URL-encoded XSS payloads (2ms)
  ✘  54 [chromium] › e2e/forums/security/xss-prevention.spec.ts:263:7 › XSS Prevention - Encoded Payloads › should sanitize HTML entity-encoded XSS payloads (2ms)
  ✘  55 [chromium] › e2e/forums/security/xss-prevention.spec.ts:286:7 › XSS Prevention - Nested/Complex Attacks › should sanitize nested script tags (2ms)
  ✘  56 [chromium] › e2e/forums/security/xss-prevention.spec.ts:310:7 › XSS Prevention - Nested/Complex Attacks › should sanitize obfuscated script tags (2ms)
  ✘  57 [chromium] › e2e/forums/topics-crud.spec.ts:26:7 › Topic CRUD - Create › should create a new topic with valid data (2ms)
  ✘  58 [chromium] › e2e/forums/topics-crud.spec.ts:64:7 › Topic CRUD - Create › should create topic with tags (2ms)
  ✘  59 [chromium] › e2e/forums/topics-crud.spec.ts:89:7 › Topic CRUD - Create › should create topic in specific category (2ms)
  ✘  60 [chromium] › e2e/forums/topics-crud.spec.ts:112:7 › Topic CRUD - Read/View › should increment view count when viewing topic (2ms)
  ✘  61 [chromium] › e2e/forums/topics-crud.spec.ts:148:7 › Topic CRUD - Read/View › should display topic metadata correctly (2ms)
  ✘  62 [chromium] › e2e/forums/topics-crud.spec.ts:187:7 › Topic CRUD - Update › should edit topic title and content (2ms)
  ✘  63 [chromium] › e2e/forums/topics-crud.spec.ts:218:7 › Topic CRUD - Update › should allow topic owner to edit topic (2ms)
  ✘  64 [chromium] › e2e/forums/topics-crud.spec.ts:250:7 › Topic CRUD - Delete › should soft delete topic (2ms)
  ✘  65 [chromium] › e2e/forums/topics-crud.spec.ts:286:7 › Topic CRUD - Delete › should allow owner to delete own topic (2ms)
  ✘  66 [chromium] › e2e/forums/topics-crud.spec.ts:327:7 › Topic CRUD - Status Changes › should lock topic (moderator action) (2ms)
  ✘  67 [chromium] › e2e/forums/topics-crud.spec.ts:356:7 › Topic CRUD - Status Changes › should pin topic (moderator action) (2ms)
  ✘  68 [chromium] › e2e/forums/topics-crud.spec.ts:391:7 › Topic CRUD - Status Changes › should mark topic as solved (2ms)
  ✘  69 [chromium] › e2e/forums/validation-errors.spec.ts:23:7 › Validation - Topic Creation › should show error for empty title (2ms)
  ✘  70 [chromium] › e2e/forums/validation-errors.spec.ts:56:7 › Validation - Topic Creation › should show error for short title (< 3 chars) (2ms)
  ✘  71 [chromium] › e2e/forums/validation-errors.spec.ts:89:7 › Validation - Topic Creation › should show error for long title (> 200 chars) (2ms)
  ✘  72 [chromium] › e2e/forums/validation-errors.spec.ts:123:7 › Validation - Topic Creation › should show error for empty content (2ms)
  ✘  73 [chromium] › e2e/forums/validation-errors.spec.ts:152:7 › Validation - Topic Creation › should show error for invalid category (2ms)
  ✘  74 [chromium] › e2e/forums/validation-errors.spec.ts:179:7 › Validation - Topic Creation › should show error for too many tags (> 10) (2ms)
  ✘  75 [chromium] › e2e/forums/validation-errors.spec.ts:217:7 › Error Handling - Not Found (404) › should return 404 for non-existent topic (2ms)
  ✘  76 [chromium] › e2e/forums/validation-errors.spec.ts:238:7 › Error Handling - Not Found (404) › should return 404 for non-existent reply via API (210ms)
  ✘  77 [chromium] › e2e/forums/validation-errors.spec.ts:251:7 › Error Handling - Not Found (404) › should return 404 for non-existent category (2ms)
  ✘  78 [chromium] › e2e/forums/validation-errors.spec.ts:269:7 › Error Handling - Reply Validation › should show error for empty reply content (2ms)
  ✘  79 [chromium] › e2e/forums/validation-errors.spec.ts:301:7 › Error Handling - Reply Validation › should show error when replying to non-existent topic (2ms)
  ✘  80 [chromium] › e2e/forums/voting-complete.spec.ts:26:7 › Voting System - Basic Functionality › should upvote a reply successfully (2ms)
  ✘  81 [chromium] › e2e/forums/voting-complete.spec.ts:63:7 › Voting System - Basic Functionality › should downvote a reply successfully (2ms)
  ✘  82 [chromium] › e2e/forums/voting-complete.spec.ts:98:7 › Voting System - Vote Toggle › should remove upvote when clicking upvote button again (2ms)
  ✘  83 [chromium] › e2e/forums/voting-complete.spec.ts:137:7 › Voting System - Vote Toggle › should remove downvote when clicking downvote button again (2ms)
  ✘  84 [chromium] › e2e/forums/voting-complete.spec.ts:171:7 › Voting System - Vote Change › should change from upvote to downvote (2ms)
  ✘  85 [chromium] › e2e/forums/voting-complete.spec.ts:210:7 › Voting System - Vote Change › should change from downvote to upvote (2ms)
  ✘  86 [chromium] › e2e/forums/voting-complete.spec.ts:244:7 › Voting System - Error Handling › should handle voting on deleted reply gracefully (2ms)
  ✘  87 [chromium] › e2e/forums/voting-complete.spec.ts:284:7 › Voting System - Error Handling › should handle optimistic UI rollback on network error (2ms)
  ✘  88 [chromium] › e2e/forums/voting-complete.spec.ts:331:7 › Voting System - Vote Button State › should show active state for upvoted reply (2ms)
  ✘  89 [chromium] › e2e/forums/voting-complete.spec.ts:370:7 › Voting System - Vote Button State › should persist vote button state across page reload (2ms)
  ✘  90 [chromium] › e2e/forums/voting-complete.spec.ts:415:7 › Voting System - Vote Count Accuracy › should maintain accurate vote count with multiple votes (2ms)
  ✘  91 [chromium] › e2e/forums/voting-complete.spec.ts:462:7 › Voting System - Vote Count Accuracy › should prevent vote count drift with rapid toggling (2ms)
🧹 E2E Global Teardown: Cleaning up
✅ E2E Global Teardown: Complete


  1) [chromium] › e2e/forums/replies-crud.spec.ts:26:7 › Reply System - Create › should create a top-level reply 

    Error: browserType.launch: Executable doesn't exist at /home/user/.cache/ms-playwright/chromium_headless_shell-1200/chrome-headless-shell-linux64/chrome-headless-shell
    ╔═════════════════════════════════════════════════════════════════════════╗
    ║ Looks like Playwright Test or Playwright was just installed or updated. ║
    ║ Please run the following command to download new browsers:              ║
    ║                                                                         ║
    ║     npx playwright install                                              ║
    ║                                                                         ║
    ║ <3 Playwright Team                                                      ║
    ╚═════════════════════════════════════════════════════════════════════════╝

  2) [chromium] › e2e/forums/replies-crud.spec.ts:58:7 › Reply System - Create › should create multiple replies in sequence 

    Error: browserType.launch: Executable doesn't exist at /home/user/.cache/ms-playwright/chromium_headless_shell-1200/chrome-headless-shell-linux64/chrome-headless-shell
    ╔═════════════════════════════════════════════════════════════════════════╗
    ║ Looks like Playwright Test or Playwright was just installed or updated. ║
    ║ Please run the following command to download new browsers:              ║
    ║                                                                         ║
    ║     npx playwright install                                              ║
    ║                                                                         ║
    ║ <3 Playwright Team                                                      ║
    ╚═════════════════════════════════════════════════════════════════════════╝

  3) [chromium] › e2e/forums/replies-crud.spec.ts:95:7 › Reply System - Nested Threading › should create nested reply (depth 1) 

    Error: browserType.launch: Executable doesn't exist at /home/user/.cache/ms-playwright/chromium_headless_shell-1200/chrome-headless-shell-linux64/chrome-headless-shell
    ╔═════════════════════════════════════════════════════════════════════════╗
    ║ Looks like Playwright Test or Playwright was just installed or updated. ║
    ║ Please run the following command to download new browsers:              ║
    ║                                                                         ║
    ║     npx playwright install                                              ║
    ║                                                                         ║
    ║ <3 Playwright Team                                                      ║
    ╚═════════════════════════════════════════════════════════════════════════╝

  4) [chromium] › e2e/forums/replies-crud.spec.ts:123:7 › Reply System - Nested Threading › should create reply thread up to max depth (5 levels) 

    Error: browserType.launch: Executable doesn't exist at /home/user/.cache/ms-playwright/chromium_headless_shell-1200/chrome-headless-shell-linux64/chrome-headless-shell
    ╔═════════════════════════════════════════════════════════════════════════╗
    ║ Looks like Playwright Test or Playwright was just installed or updated. ║
    ║ Please run the following command to download new browsers:              ║
    ║                                                                         ║
    ║     npx playwright install                                              ║
    ║                                                                         ║
    ║ <3 Playwright Team                                                      ║
    ╚═════════════════════════════════════════════════════════════════════════╝

  5) [chromium] › e2e/forums/replies-crud.spec.ts:186:7 › Reply System - Update › should edit reply content 

    Error: browserType.launch: Executable doesn't exist at /home/user/.cache/ms-playwright/chromium_headless_shell-1200/chrome-headless-shell-linux64/chrome-headless-shell
    ╔═════════════════════════════════════════════════════════════════════════╗
    ║ Looks like Playwright Test or Playwright was just installed or updated. ║
    ║ Please run the following command to download new browsers:              ║
    ║                                                                         ║
    ║     npx playwright install                                              ║
    ║                                                                         ║
    ║ <3 Playwright Team                                                      ║
    ╚═════════════════════════════════════════════════════════════════════════╝

  6) [chromium] › e2e/forums/replies-crud.spec.ts:232:7 › Reply System - Update › should allow reply owner to edit own reply 

    Error: browserType.launch: Executable doesn't exist at /home/user/.cache/ms-playwright/chromium_headless_shell-1200/chrome-headless-shell-linux64/chrome-headless-shell
    ╔═════════════════════════════════════════════════════════════════════════╗
    ║ Looks like Playwright Test or Playwright was just installed or updated. ║
    ║ Please run the following command to download new browsers:              ║
    ║                                                                         ║
    ║     npx playwright install                                              ║
    ║                                                                         ║
    ║ <3 Playwright Team                                                      ║
    ╚═════════════════════════════════════════════════════════════════════════╝

  7) [chromium] › e2e/forums/replies-crud.spec.ts:269:7 › Reply System - Delete › should delete reply (soft delete) 

    Error: browserType.launch: Executable doesn't exist at /home/user/.cache/ms-playwright/chromium_headless_shell-1200/chrome-headless-shell-linux64/chrome-headless-shell
    ╔═════════════════════════════════════════════════════════════════════════╗
    ║ Looks like Playwright Test or Playwright was just installed or updated. ║
    ║ Please run the following command to download new browsers:              ║
    ║                                                                         ║
    ║     npx playwright install                                              ║
    ║                                                                         ║
    ║ <3 Playwright Team                                                      ║
    ╚═════════════════════════════════════════════════════════════════════════╝

  8) [chromium] › e2e/forums/replies-crud.spec.ts:322:7 › Reply System - Solution Marking › should mark reply as solution 

    Error: browserType.launch: Executable doesn't exist at /home/user/.cache/ms-playwright/chromium_headless_shell-1200/chrome-headless-shell-linux64/chrome-headless-shell
    ╔═════════════════════════════════════════════════════════════════════════╗
    ║ Looks like Playwright Test or Playwright was just installed or updated. ║
    ║ Please run the following command to download new browsers:              ║
    ║                                                                         ║
    ║     npx playwright install                                              ║
    ║                                                                         ║
    ║ <3 Playwright Team                                                      ║
    ╚═════════════════════════════════════════════════════════════════════════╝

  9) [chromium] › e2e/forums/replies-crud.spec.ts:358:7 › Reply System - Solution Marking › should unmark solution 

    Error: browserType.launch: Executable doesn't exist at /home/user/.cache/ms-playwright/chromium_headless_shell-1200/chrome-headless-shell-linux64/chrome-headless-shell
    ╔═════════════════════════════════════════════════════════════════════════╗
    ║ Looks like Playwright Test or Playwright was just installed or updated. ║
    ║ Please run the following command to download new browsers:              ║
    ║                                                                         ║
    ║     npx playwright install                                              ║
    ║                                                                         ║
    ║ <3 Playwright Team                                                      ║
    ╚═════════════════════════════════════════════════════════════════════════╝

  10) [chromium] › e2e/forums/replies-crud.spec.ts:402:7 › Reply System - Solution Marking › should prevent multiple solutions on same topic (Bug #3) 

    Error: browserType.launch: Executable doesn't exist at /home/user/.cache/ms-playwright/chromium_headless_shell-1200/chrome-headless-shell-linux64/chrome-headless-shell
    ╔═════════════════════════════════════════════════════════════════════════╗
    ║ Looks like Playwright Test or Playwright was just installed or updated. ║
    ║ Please run the following command to download new browsers:              ║
    ║                                                                         ║
    ║     npx playwright install                                              ║
    ║                                                                         ║
    ║ <3 Playwright Team                                                      ║
    ╚═════════════════════════════════════════════════════════════════════════╝

  11) [chromium] › e2e/forums/security/authorization.spec.ts:35:7 › Authorization - Anonymous User Restrictions › anonymous user can view public topics but not create 

    Error: browserType.launch: Executable doesn't exist at /home/user/.cache/ms-playwright/chromium_headless_shell-1200/chrome-headless-shell-linux64/chrome-headless-shell
    ╔═════════════════════════════════════════════════════════════════════════╗
    ║ Looks like Playwright Test or Playwright was just installed or updated. ║
    ║ Please run the following command to download new browsers:              ║
    ║                                                                         ║
    ║     npx playwright install                                              ║
    ║                                                                         ║
    ║ <3 Playwright Team                                                      ║
    ╚═════════════════════════════════════════════════════════════════════════╝

  12) [chromium] › e2e/forums/security/authorization.spec.ts:59:7 › Authorization - Anonymous User Restrictions › anonymous user cannot vote on replies 

    Error: browserType.launch: Executable doesn't exist at /home/user/.cache/ms-playwright/chromium_headless_shell-1200/chrome-headless-shell-linux64/chrome-headless-shell
    ╔═════════════════════════════════════════════════════════════════════════╗
    ║ Looks like Playwright Test or Playwright was just installed or updated. ║
    ║ Please run the following command to download new browsers:              ║
    ║                                                                         ║
    ║     npx playwright install                                              ║
    ║                                                                         ║
    ║ <3 Playwright Team                                                      ║
    ╚═════════════════════════════════════════════════════════════════════════╝

  13) [chromium] › e2e/forums/security/authorization.spec.ts:98:7 › Authorization - User Cannot Edit Others' Content › user cannot edit another user's topic 

    Error: browserType.launch: Executable doesn't exist at /home/user/.cache/ms-playwright/chromium_headless_shell-1200/chrome-headless-shell-linux64/chrome-headless-shell
    ╔═════════════════════════════════════════════════════════════════════════╗
    ║ Looks like Playwright Test or Playwright was just installed or updated. ║
    ║ Please run the following command to download new browsers:              ║
    ║                                                                         ║
    ║     npx playwright install                                              ║
    ║                                                                         ║
    ║ <3 Playwright Team                                                      ║
    ╚═════════════════════════════════════════════════════════════════════════╝

  14) [chromium] › e2e/forums/security/authorization.spec.ts:127:7 › Authorization - User Cannot Edit Others' Content › user cannot delete another user's topic via API 

    Error: browserType.launch: Executable doesn't exist at /home/user/.cache/ms-playwright/chromium_headless_shell-1200/chrome-headless-shell-linux64/chrome-headless-shell
    ╔═════════════════════════════════════════════════════════════════════════╗
    ║ Looks like Playwright Test or Playwright was just installed or updated. ║
    ║ Please run the following command to download new browsers:              ║
    ║                                                                         ║
    ║     npx playwright install                                              ║
    ║                                                                         ║
    ║ <3 Playwright Team                                                      ║
    ╚═════════════════════════════════════════════════════════════════════════╝

  15) [chromium] › e2e/forums/security/authorization.spec.ts:161:7 › Authorization - User Cannot Edit Others' Content › user cannot delete another user's reply 

    Error: browserType.launch: Executable doesn't exist at /home/user/.cache/ms-playwright/chromium_headless_shell-1200/chrome-headless-shell-linux64/chrome-headless-shell
    ╔═════════════════════════════════════════════════════════════════════════╗
    ║ Looks like Playwright Test or Playwright was just installed or updated. ║
    ║ Please run the following command to download new browsers:              ║
    ║                                                                         ║
    ║     npx playwright install                                              ║
    ║                                                                         ║
    ║ <3 Playwright Team                                                      ║
    ╚═════════════════════════════════════════════════════════════════════════╝

  16) [chromium] › e2e/forums/security/authorization.spec.ts:187:7 › Authorization - Moderator-Only Actions › regular user cannot lock topics 

    Error: browserType.launch: Executable doesn't exist at /home/user/.cache/ms-playwright/chromium_headless_shell-1200/chrome-headless-shell-linux64/chrome-headless-shell
    ╔═════════════════════════════════════════════════════════════════════════╗
    ║ Looks like Playwright Test or Playwright was just installed or updated. ║
    ║ Please run the following command to download new browsers:              ║
    ║                                                                         ║
    ║     npx playwright install                                              ║
    ║                                                                         ║
    ║ <3 Playwright Team                                                      ║
    ╚═════════════════════════════════════════════════════════════════════════╝

  17) [chromium] › e2e/forums/security/authorization.spec.ts:219:7 › Authorization - Moderator-Only Actions › regular user cannot pin topics 

    Error: browserType.launch: Executable doesn't exist at /home/user/.cache/ms-playwright/chromium_headless_shell-1200/chrome-headless-shell-linux64/chrome-headless-shell
    ╔═════════════════════════════════════════════════════════════════════════╗
    ║ Looks like Playwright Test or Playwright was just installed or updated. ║
    ║ Please run the following command to download new browsers:              ║
    ║                                                                         ║
    ║     npx playwright install                                              ║
    ║                                                                         ║
    ║ <3 Playwright Team                                                      ║
    ╚═════════════════════════════════════════════════════════════════════════╝

  18) [chromium] › e2e/forums/security/authorization.spec.ts:249:7 › Authorization - Moderator-Only Actions › moderator CAN perform moderation actions 

    Error: browserType.launch: Executable doesn't exist at /home/user/.cache/ms-playwright/chromium_headless_shell-1200/chrome-headless-shell-linux64/chrome-headless-shell
    ╔═════════════════════════════════════════════════════════════════════════╗
    ║ Looks like Playwright Test or Playwright was just installed or updated. ║
    ║ Please run the following command to download new browsers:              ║
    ║                                                                         ║
    ║     npx playwright install                                              ║
    ║                                                                         ║
    ║ <3 Playwright Team                                                      ║
    ╚═════════════════════════════════════════════════════════════════════════╝

  19) [chromium] › e2e/forums/security/authorization.spec.ts:284:7 › Authorization - Admin-Only Category Access › non-admin cannot access admin-only category 

    Error: browserType.launch: Executable doesn't exist at /home/user/.cache/ms-playwright/chromium_headless_shell-1200/chrome-headless-shell-linux64/chrome-headless-shell
    ╔═════════════════════════════════════════════════════════════════════════╗
    ║ Looks like Playwright Test or Playwright was just installed or updated. ║
    ║ Please run the following command to download new browsers:              ║
    ║                                                                         ║
    ║     npx playwright install                                              ║
    ║                                                                         ║
    ║ <3 Playwright Team                                                      ║
    ╚═════════════════════════════════════════════════════════════════════════╝

  20) [chromium] › e2e/forums/security/authorization.spec.ts:323:7 › Authorization - Admin-Only Category Access › hidden category returns 404 not 403 to prevent info leakage 

    Error: browserType.launch: Executable doesn't exist at /home/user/.cache/ms-playwright/chromium_headless_shell-1200/chrome-headless-shell-linux64/chrome-headless-shell
    ╔═════════════════════════════════════════════════════════════════════════╗
    ║ Looks like Playwright Test or Playwright was just installed or updated. ║
    ║ Please run the following command to download new browsers:              ║
    ║                                                                         ║
    ║     npx playwright install                                              ║
    ║                                                                         ║
    ║ <3 Playwright Team                                                      ║
    ╚═════════════════════════════════════════════════════════════════════════╝

  21) [chromium] › e2e/forums/security/authorization.spec.ts:345:7 › Authorization - Permission Bypass Attempts › cannot bypass permissions via API with manipulated request 

    Error: browserType.launch: Executable doesn't exist at /home/user/.cache/ms-playwright/chromium_headless_shell-1200/chrome-headless-shell-linux64/chrome-headless-shell
    ╔═════════════════════════════════════════════════════════════════════════╗
    ║ Looks like Playwright Test or Playwright was just installed or updated. ║
    ║ Please run the following command to download new browsers:              ║
    ║                                                                         ║
    ║     npx playwright install                                              ║
    ║                                                                         ║
    ║ <3 Playwright Team                                                      ║
    ╚═════════════════════════════════════════════════════════════════════════╝

  22) [chromium] › e2e/forums/security/authorization.spec.ts:362:7 › Authorization - Permission Bypass Attempts › cannot escalate privileges via manipulated session 

    Error: browserType.launch: Executable doesn't exist at /home/user/.cache/ms-playwright/chromium_headless_shell-1200/chrome-headless-shell-linux64/chrome-headless-shell
    ╔═════════════════════════════════════════════════════════════════════════╗
    ║ Looks like Playwright Test or Playwright was just installed or updated. ║
    ║ Please run the following command to download new browsers:              ║
    ║                                                                         ║
    ║     npx playwright install                                              ║
    ║                                                                         ║
    ║ <3 Playwright Team                                                      ║
    ╚═════════════════════════════════════════════════════════════════════════╝

  23) [chromium] › e2e/forums/security/authorization.spec.ts:388:7 › Authorization - Voting Permissions › authenticated user CAN vote on replies 

    Error: browserType.launch: Executable doesn't exist at /home/user/.cache/ms-playwright/chromium_headless_shell-1200/chrome-headless-shell-linux64/chrome-headless-shell
    ╔═════════════════════════════════════════════════════════════════════════╗
    ║ Looks like Playwright Test or Playwright was just installed or updated. ║
    ║ Please run the following command to download new browsers:              ║
    ║                                                                         ║
    ║     npx playwright install                                              ║
    ║                                                                         ║
    ║ <3 Playwright Team                                                      ║
    ╚═════════════════════════════════════════════════════════════════════════╝

  24) [chromium] › e2e/forums/security/authorization.spec.ts:418:7 › Authorization - Voting Permissions › user cannot vote on own reply 

    Error: browserType.launch: Executable doesn't exist at /home/user/.cache/ms-playwright/chromium_headless_shell-1200/chrome-headless-shell-linux64/chrome-headless-shell
    ╔═════════════════════════════════════════════════════════════════════════╗
    ║ Looks like Playwright Test or Playwright was just installed or updated. ║
    ║ Please run the following command to download new browsers:              ║
    ║                                                                         ║
    ║     npx playwright install                                              ║
    ║                                                                         ║
    ║ <3 Playwright Team                                                      ║
    ╚═════════════════════════════════════════════════════════════════════════╝

  25) [chromium] › e2e/forums/security/csrf.spec.ts:55:7 › CSRF Protection - Token Validation › should validate Origin header for state-changing requests 

    Error: browserType.launch: Executable doesn't exist at /home/user/.cache/ms-playwright/chromium_headless_shell-1200/chrome-headless-shell-linux64/chrome-headless-shell
    ╔═════════════════════════════════════════════════════════════════════════╗
    ║ Looks like Playwright Test or Playwright was just installed or updated. ║
    ║ Please run the following command to download new browsers:              ║
    ║                                                                         ║
    ║     npx playwright install                                              ║
    ║                                                                         ║
    ║ <3 Playwright Team                                                      ║
    ╚═════════════════════════════════════════════════════════════════════════╝

  26) [chromium] › e2e/forums/security/csrf.spec.ts:94:7 › CSRF Protection - Token Validation › should allow requests with valid Origin and session 

    Error: browserType.launch: Executable doesn't exist at /home/user/.cache/ms-playwright/chromium_headless_shell-1200/chrome-headless-shell-linux64/chrome-headless-shell
    ╔═════════════════════════════════════════════════════════════════════════╗
    ║ Looks like Playwright Test or Playwright was just installed or updated. ║
    ║ Please run the following command to download new browsers:              ║
    ║                                                                         ║
    ║     npx playwright install                                              ║
    ║                                                                         ║
    ║ <3 Playwright Team                                                      ║
    ╚═════════════════════════════════════════════════════════════════════════╝

  27) [chromium] › e2e/forums/security/csrf.spec.ts:137:7 › CSRF Protection - Same-Site Cookie Enforcement › session cookies should have SameSite attribute 

    Error: browserType.launch: Executable doesn't exist at /home/user/.cache/ms-playwright/chromium_headless_shell-1200/chrome-headless-shell-linux64/chrome-headless-shell
    ╔═════════════════════════════════════════════════════════════════════════╗
    ║ Looks like Playwright Test or Playwright was just installed or updated. ║
    ║ Please run the following command to download new browsers:              ║
    ║                                                                         ║
    ║     npx playwright install                                              ║
    ║                                                                         ║
    ║ <3 Playwright Team                                                      ║
    ╚═════════════════════════════════════════════════════════════════════════╝

  28) [chromium] › e2e/forums/security/csrf.spec.ts:176:7 › CSRF Protection - Same-Site Cookie Enforcement › session cookies should be httpOnly to prevent XSS theft 

    Error: browserType.launch: Executable doesn't exist at /home/user/.cache/ms-playwright/chromium_headless_shell-1200/chrome-headless-shell-linux64/chrome-headless-shell
    ╔═════════════════════════════════════════════════════════════════════════╗
    ║ Looks like Playwright Test or Playwright was just installed or updated. ║
    ║ Please run the following command to download new browsers:              ║
    ║                                                                         ║
    ║     npx playwright install                                              ║
    ║                                                                         ║
    ║ <3 Playwright Team                                                      ║
    ╚═════════════════════════════════════════════════════════════════════════╝

  29) [chromium] › e2e/forums/security/csrf.spec.ts:237:7 › CSRF Protection - Double Submit Cookie Pattern › should implement some form of CSRF protection mechanism 

    Error: browserType.launch: Executable doesn't exist at /home/user/.cache/ms-playwright/chromium_headless_shell-1200/chrome-headless-shell-linux64/chrome-headless-shell
    ╔═════════════════════════════════════════════════════════════════════════╗
    ║ Looks like Playwright Test or Playwright was just installed or updated. ║
    ║ Please run the following command to download new browsers:              ║
    ║                                                                         ║
    ║     npx playwright install                                              ║
    ║                                                                         ║
    ║ <3 Playwright Team                                                      ║
    ╚═════════════════════════════════════════════════════════════════════════╝

  30) [chromium] › e2e/forums/security/rate-limiting.spec.ts:24:7 › Rate Limiting - Topic Creation › should enforce topic creation rate limit 

    Error: browserType.launch: Executable doesn't exist at /home/user/.cache/ms-playwright/chromium_headless_shell-1200/chrome-headless-shell-linux64/chrome-headless-shell
    ╔═════════════════════════════════════════════════════════════════════════╗
    ║ Looks like Playwright Test or Playwright was just installed or updated. ║
    ║ Please run the following command to download new browsers:              ║
    ║                                                                         ║
    ║     npx playwright install                                              ║
    ║                                                                         ║
    ║ <3 Playwright Team                                                      ║
    ╚═════════════════════════════════════════════════════════════════════════╝

  31) [chromium] › e2e/forums/security/rate-limiting.spec.ts:170:7 › Rate Limiting - Reply Creation › should enforce reply creation rate limit 

    Error: browserType.launch: Executable doesn't exist at /home/user/.cache/ms-playwright/chromium_headless_shell-1200/chrome-headless-shell-linux64/chrome-headless-shell
    ╔═════════════════════════════════════════════════════════════════════════╗
    ║ Looks like Playwright Test or Playwright was just installed or updated. ║
    ║ Please run the following command to download new browsers:              ║
    ║                                                                         ║
    ║     npx playwright install                                              ║
    ║                                                                         ║
    ║ <3 Playwright Team                                                      ║
    ╚═════════════════════════════════════════════════════════════════════════╝

  32) [chromium] › e2e/forums/security/rate-limiting.spec.ts:265:7 › Rate Limiting - Voting › should handle rapid voting attempts gracefully 

    Error: browserType.launch: Executable doesn't exist at /home/user/.cache/ms-playwright/chromium_headless_shell-1200/chrome-headless-shell-linux64/chrome-headless-shell
    ╔═════════════════════════════════════════════════════════════════════════╗
    ║ Looks like Playwright Test or Playwright was just installed or updated. ║
    ║ Please run the following command to download new browsers:              ║
    ║                                                                         ║
    ║     npx playwright install                                              ║
    ║                                                                         ║
    ║ <3 Playwright Team                                                      ║
    ╚═════════════════════════════════════════════════════════════════════════╝

  33) [chromium] › e2e/forums/security/sql-injection.spec.ts:24:7 › SQL Injection Prevention - Search Queries › should prevent basic OR-based SQL injection in search 

    Error: browserType.launch: Executable doesn't exist at /home/user/.cache/ms-playwright/chromium_headless_shell-1200/chrome-headless-shell-linux64/chrome-headless-shell
    ╔═════════════════════════════════════════════════════════════════════════╗
    ║ Looks like Playwright Test or Playwright was just installed or updated. ║
    ║ Please run the following command to download new browsers:              ║
    ║                                                                         ║
    ║     npx playwright install                                              ║
    ║                                                                         ║
    ║ <3 Playwright Team                                                      ║
    ╚═════════════════════════════════════════════════════════════════════════╝

  34) [chromium] › e2e/forums/security/sql-injection.spec.ts:61:7 › SQL Injection Prevention - Search Queries › should prevent UNION-based SQL injection in search 

    Error: browserType.launch: Executable doesn't exist at /home/user/.cache/ms-playwright/chromium_headless_shell-1200/chrome-headless-shell-linux64/chrome-headless-shell
    ╔═════════════════════════════════════════════════════════════════════════╗
    ║ Looks like Playwright Test or Playwright was just installed or updated. ║
    ║ Please run the following command to download new browsers:              ║
    ║                                                                         ║
    ║     npx playwright install                                              ║
    ║                                                                         ║
    ║ <3 Playwright Team                                                      ║
    ╚═════════════════════════════════════════════════════════════════════════╝

  35) [chromium] › e2e/forums/security/sql-injection.spec.ts:88:7 › SQL Injection Prevention - Search Queries › should prevent comment-based SQL injection in search 

    Error: browserType.launch: Executable doesn't exist at /home/user/.cache/ms-playwright/chromium_headless_shell-1200/chrome-headless-shell-linux64/chrome-headless-shell
    ╔═════════════════════════════════════════════════════════════════════════╗
    ║ Looks like Playwright Test or Playwright was just installed or updated. ║
    ║ Please run the following command to download new browsers:              ║
    ║                                                                         ║
    ║     npx playwright install                                              ║
    ║                                                                         ║
    ║ <3 Playwright Team                                                      ║
    ╚═════════════════════════════════════════════════════════════════════════╝

  36) [chromium] › e2e/forums/security/sql-injection.spec.ts:121:7 › SQL Injection Prevention - Topic Creation › should prevent SQL injection in topic title 

    Error: browserType.launch: Executable doesn't exist at /home/user/.cache/ms-playwright/chromium_headless_shell-1200/chrome-headless-shell-linux64/chrome-headless-shell
    ╔═════════════════════════════════════════════════════════════════════════╗
    ║ Looks like Playwright Test or Playwright was just installed or updated. ║
    ║ Please run the following command to download new browsers:              ║
    ║                                                                         ║
    ║     npx playwright install                                              ║
    ║                                                                         ║
    ║ <3 Playwright Team                                                      ║
    ╚═════════════════════════════════════════════════════════════════════════╝

  37) [chromium] › e2e/forums/security/sql-injection.spec.ts:154:7 › SQL Injection Prevention - Topic Creation › should prevent SQL injection in topic content 

    Error: browserType.launch: Executable doesn't exist at /home/user/.cache/ms-playwright/chromium_headless_shell-1200/chrome-headless-shell-linux64/chrome-headless-shell
    ╔═════════════════════════════════════════════════════════════════════════╗
    ║ Looks like Playwright Test or Playwright was just installed or updated. ║
    ║ Please run the following command to download new browsers:              ║
    ║                                                                         ║
    ║     npx playwright install                                              ║
    ║                                                                         ║
    ║ <3 Playwright Team                                                      ║
    ╚═════════════════════════════════════════════════════════════════════════╝

  38) [chromium] › e2e/forums/security/sql-injection.spec.ts:185:7 › SQL Injection Prevention - Category Filtering › should prevent SQL injection in category filter 

    Error: browserType.launch: Executable doesn't exist at /home/user/.cache/ms-playwright/chromium_headless_shell-1200/chrome-headless-shell-linux64/chrome-headless-shell
    ╔═════════════════════════════════════════════════════════════════════════╗
    ║ Looks like Playwright Test or Playwright was just installed or updated. ║
    ║ Please run the following command to download new browsers:              ║
    ║                                                                         ║
    ║     npx playwright install                                              ║
    ║                                                                         ║
    ║ <3 Playwright Team                                                      ║
    ╚═════════════════════════════════════════════════════════════════════════╝

  39) [chromium] › e2e/forums/security/sql-injection.spec.ts:213:7 › SQL Injection Prevention - Time-Based Detection › should not be vulnerable to time-based blind SQL injection 

    Error: browserType.launch: Executable doesn't exist at /home/user/.cache/ms-playwright/chromium_headless_shell-1200/chrome-headless-shell-linux64/chrome-headless-shell
    ╔═════════════════════════════════════════════════════════════════════════╗
    ║ Looks like Playwright Test or Playwright was just installed or updated. ║
    ║ Please run the following command to download new browsers:              ║
    ║                                                                         ║
    ║     npx playwright install                                              ║
    ║                                                                         ║
    ║ <3 Playwright Team                                                      ║
    ╚═════════════════════════════════════════════════════════════════════════╝

  40) [chromium] › e2e/forums/security/sql-injection.spec.ts:252:7 › SQL Injection Prevention - Time-Based Detection › should handle malformed SQL gracefully 

    Error: browserType.launch: Executable doesn't exist at /home/user/.cache/ms-playwright/chromium_headless_shell-1200/chrome-headless-shell-linux64/chrome-headless-shell
    ╔═════════════════════════════════════════════════════════════════════════╗
    ║ Looks like Playwright Test or Playwright was just installed or updated. ║
    ║ Please run the following command to download new browsers:              ║
    ║                                                                         ║
    ║     npx playwright install                                              ║
    ║                                                                         ║
    ║ <3 Playwright Team                                                      ║
    ╚═════════════════════════════════════════════════════════════════════════╝

  41) [chromium] › e2e/forums/security/xss-prevention.spec.ts:25:7 › XSS Prevention - Topic Titles › should sanitize script tags in topic title 

    Error: browserType.launch: Executable doesn't exist at /home/user/.cache/ms-playwright/chromium_headless_shell-1200/chrome-headless-shell-linux64/chrome-headless-shell
    ╔═════════════════════════════════════════════════════════════════════════╗
    ║ Looks like Playwright Test or Playwright was just installed or updated. ║
    ║ Please run the following command to download new browsers:              ║
    ║                                                                         ║
    ║     npx playwright install                                              ║
    ║                                                                         ║
    ║ <3 Playwright Team                                                      ║
    ╚═════════════════════════════════════════════════════════════════════════╝

  42) [chromium] › e2e/forums/security/xss-prevention.spec.ts:50:7 › XSS Prevention - Topic Titles › should sanitize event handlers in topic title 

    Error: browserType.launch: Executable doesn't exist at /home/user/.cache/ms-playwright/chromium_headless_shell-1200/chrome-headless-shell-linux64/chrome-headless-shell
    ╔═════════════════════════════════════════════════════════════════════════╗
    ║ Looks like Playwright Test or Playwright was just installed or updated. ║
    ║ Please run the following command to download new browsers:              ║
    ║                                                                         ║
    ║     npx playwright install                                              ║
    ║                                                                         ║
    ║ <3 Playwright Team                                                      ║
    ╚═════════════════════════════════════════════════════════════════════════╝

  43) [chromium] › e2e/forums/security/xss-prevention.spec.ts:73:7 › XSS Prevention - Topic Titles › should sanitize JavaScript URLs in topic title 

    Error: browserType.launch: Executable doesn't exist at /home/user/.cache/ms-playwright/chromium_headless_shell-1200/chrome-headless-shell-linux64/chrome-headless-shell
    ╔═════════════════════════════════════════════════════════════════════════╗
    ║ Looks like Playwright Test or Playwright was just installed or updated. ║
    ║ Please run the following command to download new browsers:              ║
    ║                                                                         ║
    ║     npx playwright install                                              ║
    ║                                                                         ║
    ║ <3 Playwright Team                                                      ║
    ╚═════════════════════════════════════════════════════════════════════════╝

  44) [chromium] › e2e/forums/security/xss-prevention.spec.ts:97:7 › XSS Prevention - Reply Content › should sanitize script tags in reply content 

    Error: browserType.launch: Executable doesn't exist at /home/user/.cache/ms-playwright/chromium_headless_shell-1200/chrome-headless-shell-linux64/chrome-headless-shell
    ╔═════════════════════════════════════════════════════════════════════════╗
    ║ Looks like Playwright Test or Playwright was just installed or updated. ║
    ║ Please run the following command to download new browsers:              ║
    ║                                                                         ║
    ║     npx playwright install                                              ║
    ║                                                                         ║
    ║ <3 Playwright Team                                                      ║
    ╚═════════════════════════════════════════════════════════════════════════╝

  45) [chromium] › e2e/forums/security/xss-prevention.spec.ts:126:7 › XSS Prevention - Reply Content › should sanitize img onerror handlers in reply content 

    Error: browserType.launch: Executable doesn't exist at /home/user/.cache/ms-playwright/chromium_headless_shell-1200/chrome-headless-shell-linux64/chrome-headless-shell
    ╔═════════════════════════════════════════════════════════════════════════╗
    ║ Looks like Playwright Test or Playwright was just installed or updated. ║
    ║ Please run the following command to download new browsers:              ║
    ║                                                                         ║
    ║     npx playwright install                                              ║
    ║                                                                         ║
    ║ <3 Playwright Team                                                      ║
    ╚═════════════════════════════════════════════════════════════════════════╝

  46) [chromium] › e2e/forums/security/xss-prevention.spec.ts:153:7 › XSS Prevention - Reply Content › should sanitize SVG onload handlers in reply content 

    Error: browserType.launch: Executable doesn't exist at /home/user/.cache/ms-playwright/chromium_headless_shell-1200/chrome-headless-shell-linux64/chrome-headless-shell
    ╔═════════════════════════════════════════════════════════════════════════╗
    ║ Looks like Playwright Test or Playwright was just installed or updated. ║
    ║ Please run the following command to download new browsers:              ║
    ║                                                                         ║
    ║     npx playwright install                                              ║
    ║                                                                         ║
    ║ <3 Playwright Team                                                      ║
    ╚═════════════════════════════════════════════════════════════════════════╝

  47) [chromium] › e2e/forums/security/xss-prevention.spec.ts:180:7 › XSS Prevention - Reply Content › should sanitize data URLs in reply content 

    Error: browserType.launch: Executable doesn't exist at /home/user/.cache/ms-playwright/chromium_headless_shell-1200/chrome-headless-shell-linux64/chrome-headless-shell
    ╔═════════════════════════════════════════════════════════════════════════╗
    ║ Looks like Playwright Test or Playwright was just installed or updated. ║
    ║ Please run the following command to download new browsers:              ║
    ║                                                                         ║
    ║     npx playwright install                                              ║
    ║                                                                         ║
    ║ <3 Playwright Team                                                      ║
    ╚═════════════════════════════════════════════════════════════════════════╝

  48) [chromium] › e2e/forums/security/xss-prevention.spec.ts:207:7 › XSS Prevention - Reply Content › should sanitize CSS injection in reply content 

    Error: browserType.launch: Executable doesn't exist at /home/user/.cache/ms-playwright/chromium_headless_shell-1200/chrome-headless-shell-linux64/chrome-headless-shell
    ╔═════════════════════════════════════════════════════════════════════════╗
    ║ Looks like Playwright Test or Playwright was just installed or updated. ║
    ║ Please run the following command to download new browsers:              ║
    ║                                                                         ║
    ║     npx playwright install                                              ║
    ║                                                                         ║
    ║ <3 Playwright Team                                                      ║
    ╚═════════════════════════════════════════════════════════════════════════╝

  49) [chromium] › e2e/forums/security/xss-prevention.spec.ts:242:7 › XSS Prevention - Encoded Payloads › should sanitize URL-encoded XSS payloads 

    Error: browserType.launch: Executable doesn't exist at /home/user/.cache/ms-playwright/chromium_headless_shell-1200/chrome-headless-shell-linux64/chrome-headless-shell
    ╔═════════════════════════════════════════════════════════════════════════╗
    ║ Looks like Playwright Test or Playwright was just installed or updated. ║
    ║ Please run the following command to download new browsers:              ║
    ║                                                                         ║
    ║     npx playwright install                                              ║
    ║                                                                         ║
    ║ <3 Playwright Team                                                      ║
    ╚═════════════════════════════════════════════════════════════════════════╝

  50) [chromium] › e2e/forums/security/xss-prevention.spec.ts:263:7 › XSS Prevention - Encoded Payloads › should sanitize HTML entity-encoded XSS payloads 

    Error: browserType.launch: Executable doesn't exist at /home/user/.cache/ms-playwright/chromium_headless_shell-1200/chrome-headless-shell-linux64/chrome-headless-shell
    ╔═════════════════════════════════════════════════════════════════════════╗
    ║ Looks like Playwright Test or Playwright was just installed or updated. ║
    ║ Please run the following command to download new browsers:              ║
    ║                                                                         ║
    ║     npx playwright install                                              ║
    ║                                                                         ║
    ║ <3 Playwright Team                                                      ║
    ╚═════════════════════════════════════════════════════════════════════════╝

  51) [chromium] › e2e/forums/security/xss-prevention.spec.ts:286:7 › XSS Prevention - Nested/Complex Attacks › should sanitize nested script tags 

    Error: browserType.launch: Executable doesn't exist at /home/user/.cache/ms-playwright/chromium_headless_shell-1200/chrome-headless-shell-linux64/chrome-headless-shell
    ╔═════════════════════════════════════════════════════════════════════════╗
    ║ Looks like Playwright Test or Playwright was just installed or updated. ║
    ║ Please run the following command to download new browsers:              ║
    ║                                                                         ║
    ║     npx playwright install                                              ║
    ║                                                                         ║
    ║ <3 Playwright Team                                                      ║
    ╚═════════════════════════════════════════════════════════════════════════╝

  52) [chromium] › e2e/forums/security/xss-prevention.spec.ts:310:7 › XSS Prevention - Nested/Complex Attacks › should sanitize obfuscated script tags 

    Error: browserType.launch: Executable doesn't exist at /home/user/.cache/ms-playwright/chromium_headless_shell-1200/chrome-headless-shell-linux64/chrome-headless-shell
    ╔═════════════════════════════════════════════════════════════════════════╗
    ║ Looks like Playwright Test or Playwright was just installed or updated. ║
    ║ Please run the following command to download new browsers:              ║
    ║                                                                         ║
    ║     npx playwright install                                              ║
    ║                                                                         ║
    ║ <3 Playwright Team                                                      ║
    ╚═════════════════════════════════════════════════════════════════════════╝

  53) [chromium] › e2e/forums/topics-crud.spec.ts:26:7 › Topic CRUD - Create › should create a new topic with valid data 

    Error: browserType.launch: Executable doesn't exist at /home/user/.cache/ms-playwright/chromium_headless_shell-1200/chrome-headless-shell-linux64/chrome-headless-shell
    ╔═════════════════════════════════════════════════════════════════════════╗
    ║ Looks like Playwright Test or Playwright was just installed or updated. ║
    ║ Please run the following command to download new browsers:              ║
    ║                                                                         ║
    ║     npx playwright install                                              ║
    ║                                                                         ║
    ║ <3 Playwright Team                                                      ║
    ╚═════════════════════════════════════════════════════════════════════════╝

  54) [chromium] › e2e/forums/topics-crud.spec.ts:64:7 › Topic CRUD - Create › should create topic with tags 

    Error: browserType.launch: Executable doesn't exist at /home/user/.cache/ms-playwright/chromium_headless_shell-1200/chrome-headless-shell-linux64/chrome-headless-shell
    ╔═════════════════════════════════════════════════════════════════════════╗
    ║ Looks like Playwright Test or Playwright was just installed or updated. ║
    ║ Please run the following command to download new browsers:              ║
    ║                                                                         ║
    ║     npx playwright install                                              ║
    ║                                                                         ║
    ║ <3 Playwright Team                                                      ║
    ╚═════════════════════════════════════════════════════════════════════════╝

  55) [chromium] › e2e/forums/topics-crud.spec.ts:89:7 › Topic CRUD - Create › should create topic in specific category 

    Error: browserType.launch: Executable doesn't exist at /home/user/.cache/ms-playwright/chromium_headless_shell-1200/chrome-headless-shell-linux64/chrome-headless-shell
    ╔═════════════════════════════════════════════════════════════════════════╗
    ║ Looks like Playwright Test or Playwright was just installed or updated. ║
    ║ Please run the following command to download new browsers:              ║
    ║                                                                         ║
    ║     npx playwright install                                              ║
    ║                                                                         ║
    ║ <3 Playwright Team                                                      ║
    ╚═════════════════════════════════════════════════════════════════════════╝

  56) [chromium] › e2e/forums/topics-crud.spec.ts:112:7 › Topic CRUD - Read/View › should increment view count when viewing topic 

    Error: browserType.launch: Executable doesn't exist at /home/user/.cache/ms-playwright/chromium_headless_shell-1200/chrome-headless-shell-linux64/chrome-headless-shell
    ╔═════════════════════════════════════════════════════════════════════════╗
    ║ Looks like Playwright Test or Playwright was just installed or updated. ║
    ║ Please run the following command to download new browsers:              ║
    ║                                                                         ║
    ║     npx playwright install                                              ║
    ║                                                                         ║
    ║ <3 Playwright Team                                                      ║
    ╚═════════════════════════════════════════════════════════════════════════╝

  57) [chromium] › e2e/forums/topics-crud.spec.ts:148:7 › Topic CRUD - Read/View › should display topic metadata correctly 

    Error: browserType.launch: Executable doesn't exist at /home/user/.cache/ms-playwright/chromium_headless_shell-1200/chrome-headless-shell-linux64/chrome-headless-shell
    ╔═════════════════════════════════════════════════════════════════════════╗
    ║ Looks like Playwright Test or Playwright was just installed or updated. ║
    ║ Please run the following command to download new browsers:              ║
    ║                                                                         ║
    ║     npx playwright install                                              ║
    ║                                                                         ║
    ║ <3 Playwright Team                                                      ║
    ╚═════════════════════════════════════════════════════════════════════════╝

  58) [chromium] › e2e/forums/topics-crud.spec.ts:187:7 › Topic CRUD - Update › should edit topic title and content 

    Error: browserType.launch: Executable doesn't exist at /home/user/.cache/ms-playwright/chromium_headless_shell-1200/chrome-headless-shell-linux64/chrome-headless-shell
    ╔═════════════════════════════════════════════════════════════════════════╗
    ║ Looks like Playwright Test or Playwright was just installed or updated. ║
    ║ Please run the following command to download new browsers:              ║
    ║                                                                         ║
    ║     npx playwright install                                              ║
    ║                                                                         ║
    ║ <3 Playwright Team                                                      ║
    ╚═════════════════════════════════════════════════════════════════════════╝

  59) [chromium] › e2e/forums/topics-crud.spec.ts:218:7 › Topic CRUD - Update › should allow topic owner to edit topic 

    Error: browserType.launch: Executable doesn't exist at /home/user/.cache/ms-playwright/chromium_headless_shell-1200/chrome-headless-shell-linux64/chrome-headless-shell
    ╔═════════════════════════════════════════════════════════════════════════╗
    ║ Looks like Playwright Test or Playwright was just installed or updated. ║
    ║ Please run the following command to download new browsers:              ║
    ║                                                                         ║
    ║     npx playwright install                                              ║
    ║                                                                         ║
    ║ <3 Playwright Team                                                      ║
    ╚═════════════════════════════════════════════════════════════════════════╝

  60) [chromium] › e2e/forums/topics-crud.spec.ts:250:7 › Topic CRUD - Delete › should soft delete topic 

    Error: browserType.launch: Executable doesn't exist at /home/user/.cache/ms-playwright/chromium_headless_shell-1200/chrome-headless-shell-linux64/chrome-headless-shell
    ╔═════════════════════════════════════════════════════════════════════════╗
    ║ Looks like Playwright Test or Playwright was just installed or updated. ║
    ║ Please run the following command to download new browsers:              ║
    ║                                                                         ║
    ║     npx playwright install                                              ║
    ║                                                                         ║
    ║ <3 Playwright Team                                                      ║
    ╚═════════════════════════════════════════════════════════════════════════╝

  61) [chromium] › e2e/forums/topics-crud.spec.ts:286:7 › Topic CRUD - Delete › should allow owner to delete own topic 

    Error: browserType.launch: Executable doesn't exist at /home/user/.cache/ms-playwright/chromium_headless_shell-1200/chrome-headless-shell-linux64/chrome-headless-shell
    ╔═════════════════════════════════════════════════════════════════════════╗
    ║ Looks like Playwright Test or Playwright was just installed or updated. ║
    ║ Please run the following command to download new browsers:              ║
    ║                                                                         ║
    ║     npx playwright install                                              ║
    ║                                                                         ║
    ║ <3 Playwright Team                                                      ║
    ╚═════════════════════════════════════════════════════════════════════════╝

  62) [chromium] › e2e/forums/topics-crud.spec.ts:327:7 › Topic CRUD - Status Changes › should lock topic (moderator action) 

    Error: browserType.launch: Executable doesn't exist at /home/user/.cache/ms-playwright/chromium_headless_shell-1200/chrome-headless-shell-linux64/chrome-headless-shell
    ╔═════════════════════════════════════════════════════════════════════════╗
    ║ Looks like Playwright Test or Playwright was just installed or updated. ║
    ║ Please run the following command to download new browsers:              ║
    ║                                                                         ║
    ║     npx playwright install                                              ║
    ║                                                                         ║
    ║ <3 Playwright Team                                                      ║
    ╚═════════════════════════════════════════════════════════════════════════╝

  63) [chromium] › e2e/forums/topics-crud.spec.ts:356:7 › Topic CRUD - Status Changes › should pin topic (moderator action) 

    Error: browserType.launch: Executable doesn't exist at /home/user/.cache/ms-playwright/chromium_headless_shell-1200/chrome-headless-shell-linux64/chrome-headless-shell
    ╔═════════════════════════════════════════════════════════════════════════╗
    ║ Looks like Playwright Test or Playwright was just installed or updated. ║
    ║ Please run the following command to download new browsers:              ║
    ║                                                                         ║
    ║     npx playwright install                                              ║
    ║                                                                         ║
    ║ <3 Playwright Team                                                      ║
    ╚═════════════════════════════════════════════════════════════════════════╝

  64) [chromium] › e2e/forums/topics-crud.spec.ts:391:7 › Topic CRUD - Status Changes › should mark topic as solved 

    Error: browserType.launch: Executable doesn't exist at /home/user/.cache/ms-playwright/chromium_headless_shell-1200/chrome-headless-shell-linux64/chrome-headless-shell
    ╔═════════════════════════════════════════════════════════════════════════╗
    ║ Looks like Playwright Test or Playwright was just installed or updated. ║
    ║ Please run the following command to download new browsers:              ║
    ║                                                                         ║
    ║     npx playwright install                                              ║
    ║                                                                         ║
    ║ <3 Playwright Team                                                      ║
    ╚═════════════════════════════════════════════════════════════════════════╝

  65) [chromium] › e2e/forums/validation-errors.spec.ts:23:7 › Validation - Topic Creation › should show error for empty title 

    Error: browserType.launch: Executable doesn't exist at /home/user/.cache/ms-playwright/chromium_headless_shell-1200/chrome-headless-shell-linux64/chrome-headless-shell
    ╔═════════════════════════════════════════════════════════════════════════╗
    ║ Looks like Playwright Test or Playwright was just installed or updated. ║
    ║ Please run the following command to download new browsers:              ║
    ║                                                                         ║
    ║     npx playwright install                                              ║
    ║                                                                         ║
    ║ <3 Playwright Team                                                      ║
    ╚═════════════════════════════════════════════════════════════════════════╝

  66) [chromium] › e2e/forums/validation-errors.spec.ts:56:7 › Validation - Topic Creation › should show error for short title (< 3 chars) 

    Error: browserType.launch: Executable doesn't exist at /home/user/.cache/ms-playwright/chromium_headless_shell-1200/chrome-headless-shell-linux64/chrome-headless-shell
    ╔═════════════════════════════════════════════════════════════════════════╗
    ║ Looks like Playwright Test or Playwright was just installed or updated. ║
    ║ Please run the following command to download new browsers:              ║
    ║                                                                         ║
    ║     npx playwright install                                              ║
    ║                                                                         ║
    ║ <3 Playwright Team                                                      ║
    ╚═════════════════════════════════════════════════════════════════════════╝

  67) [chromium] › e2e/forums/validation-errors.spec.ts:89:7 › Validation - Topic Creation › should show error for long title (> 200 chars) 

    Error: browserType.launch: Executable doesn't exist at /home/user/.cache/ms-playwright/chromium_headless_shell-1200/chrome-headless-shell-linux64/chrome-headless-shell
    ╔═════════════════════════════════════════════════════════════════════════╗
    ║ Looks like Playwright Test or Playwright was just installed or updated. ║
    ║ Please run the following command to download new browsers:              ║
    ║                                                                         ║
    ║     npx playwright install                                              ║
    ║                                                                         ║
    ║ <3 Playwright Team                                                      ║
    ╚═════════════════════════════════════════════════════════════════════════╝

  68) [chromium] › e2e/forums/validation-errors.spec.ts:123:7 › Validation - Topic Creation › should show error for empty content 

    Error: browserType.launch: Executable doesn't exist at /home/user/.cache/ms-playwright/chromium_headless_shell-1200/chrome-headless-shell-linux64/chrome-headless-shell
    ╔═════════════════════════════════════════════════════════════════════════╗
    ║ Looks like Playwright Test or Playwright was just installed or updated. ║
    ║ Please run the following command to download new browsers:              ║
    ║                                                                         ║
    ║     npx playwright install                                              ║
    ║                                                                         ║
    ║ <3 Playwright Team                                                      ║
    ╚═════════════════════════════════════════════════════════════════════════╝

  69) [chromium] › e2e/forums/validation-errors.spec.ts:152:7 › Validation - Topic Creation › should show error for invalid category 

    Error: browserType.launch: Executable doesn't exist at /home/user/.cache/ms-playwright/chromium_headless_shell-1200/chrome-headless-shell-linux64/chrome-headless-shell
    ╔═════════════════════════════════════════════════════════════════════════╗
    ║ Looks like Playwright Test or Playwright was just installed or updated. ║
    ║ Please run the following command to download new browsers:              ║
    ║                                                                         ║
    ║     npx playwright install                                              ║
    ║                                                                         ║
    ║ <3 Playwright Team                                                      ║
    ╚═════════════════════════════════════════════════════════════════════════╝

  70) [chromium] › e2e/forums/validation-errors.spec.ts:179:7 › Validation - Topic Creation › should show error for too many tags (> 10) 

    Error: browserType.launch: Executable doesn't exist at /home/user/.cache/ms-playwright/chromium_headless_shell-1200/chrome-headless-shell-linux64/chrome-headless-shell
    ╔═════════════════════════════════════════════════════════════════════════╗
    ║ Looks like Playwright Test or Playwright was just installed or updated. ║
    ║ Please run the following command to download new browsers:              ║
    ║                                                                         ║
    ║     npx playwright install                                              ║
    ║                                                                         ║
    ║ <3 Playwright Team                                                      ║
    ╚═════════════════════════════════════════════════════════════════════════╝

  71) [chromium] › e2e/forums/validation-errors.spec.ts:217:7 › Error Handling - Not Found (404) › should return 404 for non-existent topic 

    Error: browserType.launch: Executable doesn't exist at /home/user/.cache/ms-playwright/chromium_headless_shell-1200/chrome-headless-shell-linux64/chrome-headless-shell
    ╔═════════════════════════════════════════════════════════════════════════╗
    ║ Looks like Playwright Test or Playwright was just installed or updated. ║
    ║ Please run the following command to download new browsers:              ║
    ║                                                                         ║
    ║     npx playwright install                                              ║
    ║                                                                         ║
    ║ <3 Playwright Team                                                      ║
    ╚═════════════════════════════════════════════════════════════════════════╝

  72) [chromium] › e2e/forums/validation-errors.spec.ts:238:7 › Error Handling - Not Found (404) › should return 404 for non-existent reply via API 

    TypeError: [2mexpect([22m[31mreceived[39m[2m).[22mtoMatch[2m([22m[32mexpected[39m[2m)[22m

    [1mMatcher error[22m: [31mreceived[39m value must be a string

    Received has type:  object
    Received has value: [31m{"code": "NOT_FOUND", "message": "Reply not found: 999999999"}[39m

      246 |
      247 |     const responseData = await response.json();
    > 248 |     expect(responseData.error).toMatch(/not found|does not exist/i);
          |                                ^
      249 |   });
      250 |
      251 |   test('should return 404 for non-existent category', async ({ page }) => {
        at /home/user/test-workspace/frontend/e2e/forums/validation-errors.spec.ts:248:32

  73) [chromium] › e2e/forums/validation-errors.spec.ts:251:7 › Error Handling - Not Found (404) › should return 404 for non-existent category 

    Error: browserType.launch: Executable doesn't exist at /home/user/.cache/ms-playwright/chromium_headless_shell-1200/chrome-headless-shell-linux64/chrome-headless-shell
    ╔═════════════════════════════════════════════════════════════════════════╗
    ║ Looks like Playwright Test or Playwright was just installed or updated. ║
    ║ Please run the following command to download new browsers:              ║
    ║                                                                         ║
    ║     npx playwright install                                              ║
    ║                                                                         ║
    ║ <3 Playwright Team                                                      ║
    ╚═════════════════════════════════════════════════════════════════════════╝

  74) [chromium] › e2e/forums/validation-errors.spec.ts:269:7 › Error Handling - Reply Validation › should show error for empty reply content 

    Error: browserType.launch: Executable doesn't exist at /home/user/.cache/ms-playwright/chromium_headless_shell-1200/chrome-headless-shell-linux64/chrome-headless-shell
    ╔═════════════════════════════════════════════════════════════════════════╗
    ║ Looks like Playwright Test or Playwright was just installed or updated. ║
    ║ Please run the following command to download new browsers:              ║
    ║                                                                         ║
    ║     npx playwright install                                              ║
    ║                                                                         ║
    ║ <3 Playwright Team                                                      ║
    ╚═════════════════════════════════════════════════════════════════════════╝

  75) [chromium] › e2e/forums/validation-errors.spec.ts:301:7 › Error Handling - Reply Validation › should show error when replying to non-existent topic 

    Error: browserType.launch: Executable doesn't exist at /home/user/.cache/ms-playwright/chromium_headless_shell-1200/chrome-headless-shell-linux64/chrome-headless-shell
    ╔═════════════════════════════════════════════════════════════════════════╗
    ║ Looks like Playwright Test or Playwright was just installed or updated. ║
    ║ Please run the following command to download new browsers:              ║
    ║                                                                         ║
    ║     npx playwright install                                              ║
    ║                                                                         ║
    ║ <3 Playwright Team                                                      ║
    ╚═════════════════════════════════════════════════════════════════════════╝

  76) [chromium] › e2e/forums/voting-complete.spec.ts:26:7 › Voting System - Basic Functionality › should upvote a reply successfully 

    Error: browserType.launch: Executable doesn't exist at /home/user/.cache/ms-playwright/chromium_headless_shell-1200/chrome-headless-shell-linux64/chrome-headless-shell
    ╔═════════════════════════════════════════════════════════════════════════╗
    ║ Looks like Playwright Test or Playwright was just installed or updated. ║
    ║ Please run the following command to download new browsers:              ║
    ║                                                                         ║
    ║     npx playwright install                                              ║
    ║                                                                         ║
    ║ <3 Playwright Team                                                      ║
    ╚═════════════════════════════════════════════════════════════════════════╝

  77) [chromium] › e2e/forums/voting-complete.spec.ts:63:7 › Voting System - Basic Functionality › should downvote a reply successfully 

    Error: browserType.launch: Executable doesn't exist at /home/user/.cache/ms-playwright/chromium_headless_shell-1200/chrome-headless-shell-linux64/chrome-headless-shell
    ╔═════════════════════════════════════════════════════════════════════════╗
    ║ Looks like Playwright Test or Playwright was just installed or updated. ║
    ║ Please run the following command to download new browsers:              ║
    ║                                                                         ║
    ║     npx playwright install                                              ║
    ║                                                                         ║
    ║ <3 Playwright Team                                                      ║
    ╚═════════════════════════════════════════════════════════════════════════╝

  78) [chromium] › e2e/forums/voting-complete.spec.ts:98:7 › Voting System - Vote Toggle › should remove upvote when clicking upvote button again 

    Error: browserType.launch: Executable doesn't exist at /home/user/.cache/ms-playwright/chromium_headless_shell-1200/chrome-headless-shell-linux64/chrome-headless-shell
    ╔═════════════════════════════════════════════════════════════════════════╗
    ║ Looks like Playwright Test or Playwright was just installed or updated. ║
    ║ Please run the following command to download new browsers:              ║
    ║                                                                         ║
    ║     npx playwright install                                              ║
    ║                                                                         ║
    ║ <3 Playwright Team                                                      ║
    ╚═════════════════════════════════════════════════════════════════════════╝

  79) [chromium] › e2e/forums/voting-complete.spec.ts:137:7 › Voting System - Vote Toggle › should remove downvote when clicking downvote button again 

    Error: browserType.launch: Executable doesn't exist at /home/user/.cache/ms-playwright/chromium_headless_shell-1200/chrome-headless-shell-linux64/chrome-headless-shell
    ╔═════════════════════════════════════════════════════════════════════════╗
    ║ Looks like Playwright Test or Playwright was just installed or updated. ║
    ║ Please run the following command to download new browsers:              ║
    ║                                                                         ║
    ║     npx playwright install                                              ║
    ║                                                                         ║
    ║ <3 Playwright Team                                                      ║
    ╚═════════════════════════════════════════════════════════════════════════╝

  80) [chromium] › e2e/forums/voting-complete.spec.ts:171:7 › Voting System - Vote Change › should change from upvote to downvote 

    Error: browserType.launch: Executable doesn't exist at /home/user/.cache/ms-playwright/chromium_headless_shell-1200/chrome-headless-shell-linux64/chrome-headless-shell
    ╔═════════════════════════════════════════════════════════════════════════╗
    ║ Looks like Playwright Test or Playwright was just installed or updated. ║
    ║ Please run the following command to download new browsers:              ║
    ║                                                                         ║
    ║     npx playwright install                                              ║
    ║                                                                         ║
    ║ <3 Playwright Team                                                      ║
    ╚═════════════════════════════════════════════════════════════════════════╝

  81) [chromium] › e2e/forums/voting-complete.spec.ts:210:7 › Voting System - Vote Change › should change from downvote to upvote 

    Error: browserType.launch: Executable doesn't exist at /home/user/.cache/ms-playwright/chromium_headless_shell-1200/chrome-headless-shell-linux64/chrome-headless-shell
    ╔═════════════════════════════════════════════════════════════════════════╗
    ║ Looks like Playwright Test or Playwright was just installed or updated. ║
    ║ Please run the following command to download new browsers:              ║
    ║                                                                         ║
    ║     npx playwright install                                              ║
    ║                                                                         ║
    ║ <3 Playwright Team                                                      ║
    ╚═════════════════════════════════════════════════════════════════════════╝

  82) [chromium] › e2e/forums/voting-complete.spec.ts:244:7 › Voting System - Error Handling › should handle voting on deleted reply gracefully 

    Error: browserType.launch: Executable doesn't exist at /home/user/.cache/ms-playwright/chromium_headless_shell-1200/chrome-headless-shell-linux64/chrome-headless-shell
    ╔═════════════════════════════════════════════════════════════════════════╗
    ║ Looks like Playwright Test or Playwright was just installed or updated. ║
    ║ Please run the following command to download new browsers:              ║
    ║                                                                         ║
    ║     npx playwright install                                              ║
    ║                                                                         ║
    ║ <3 Playwright Team                                                      ║
    ╚═════════════════════════════════════════════════════════════════════════╝

  83) [chromium] › e2e/forums/voting-complete.spec.ts:284:7 › Voting System - Error Handling › should handle optimistic UI rollback on network error 

    Error: browserType.launch: Executable doesn't exist at /home/user/.cache/ms-playwright/chromium_headless_shell-1200/chrome-headless-shell-linux64/chrome-headless-shell
    ╔═════════════════════════════════════════════════════════════════════════╗
    ║ Looks like Playwright Test or Playwright was just installed or updated. ║
    ║ Please run the following command to download new browsers:              ║
    ║                                                                         ║
    ║     npx playwright install                                              ║
    ║                                                                         ║
    ║ <3 Playwright Team                                                      ║
    ╚═════════════════════════════════════════════════════════════════════════╝

  84) [chromium] › e2e/forums/voting-complete.spec.ts:331:7 › Voting System - Vote Button State › should show active state for upvoted reply 

    Error: browserType.launch: Executable doesn't exist at /home/user/.cache/ms-playwright/chromium_headless_shell-1200/chrome-headless-shell-linux64/chrome-headless-shell
    ╔═════════════════════════════════════════════════════════════════════════╗
    ║ Looks like Playwright Test or Playwright was just installed or updated. ║
    ║ Please run the following command to download new browsers:              ║
    ║                                                                         ║
    ║     npx playwright install                                              ║
    ║                                                                         ║
    ║ <3 Playwright Team                                                      ║
    ╚═════════════════════════════════════════════════════════════════════════╝

  85) [chromium] › e2e/forums/voting-complete.spec.ts:370:7 › Voting System - Vote Button State › should persist vote button state across page reload 

    Error: browserType.launch: Executable doesn't exist at /home/user/.cache/ms-playwright/chromium_headless_shell-1200/chrome-headless-shell-linux64/chrome-headless-shell
    ╔═════════════════════════════════════════════════════════════════════════╗
    ║ Looks like Playwright Test or Playwright was just installed or updated. ║
    ║ Please run the following command to download new browsers:              ║
    ║                                                                         ║
    ║     npx playwright install                                              ║
    ║                                                                         ║
    ║ <3 Playwright Team                                                      ║
    ╚═════════════════════════════════════════════════════════════════════════╝

  86) [chromium] › e2e/forums/voting-complete.spec.ts:415:7 › Voting System - Vote Count Accuracy › should maintain accurate vote count with multiple votes 

    Error: browserType.launch: Executable doesn't exist at /home/user/.cache/ms-playwright/chromium_headless_shell-1200/chrome-headless-shell-linux64/chrome-headless-shell
    ╔═════════════════════════════════════════════════════════════════════════╗
    ║ Looks like Playwright Test or Playwright was just installed or updated. ║
    ║ Please run the following command to download new browsers:              ║
    ║                                                                         ║
    ║     npx playwright install                                              ║
    ║                                                                         ║
    ║ <3 Playwright Team                                                      ║
    ╚═════════════════════════════════════════════════════════════════════════╝

  87) [chromium] › e2e/forums/voting-complete.spec.ts:462:7 › Voting System - Vote Count Accuracy › should prevent vote count drift with rapid toggling 

    Error: browserType.launch: Executable doesn't exist at /home/user/.cache/ms-playwright/chromium_headless_shell-1200/chrome-headless-shell-linux64/chrome-headless-shell
    ╔═════════════════════════════════════════════════════════════════════════╗
    ║ Looks like Playwright Test or Playwright was just installed or updated. ║
    ║ Please run the following command to download new browsers:              ║
    ║                                                                         ║
    ║     npx playwright install                                              ║
    ║                                                                         ║
    ║ <3 Playwright Team                                                      ║
    ╚═════════════════════════════════════════════════════════════════════════╝

  87 failed
    [chromium] › e2e/forums/replies-crud.spec.ts:26:7 › Reply System - Create › should create a top-level reply 
    [chromium] › e2e/forums/replies-crud.spec.ts:58:7 › Reply System - Create › should create multiple replies in sequence 
    [chromium] › e2e/forums/replies-crud.spec.ts:95:7 › Reply System - Nested Threading › should create nested reply (depth 1) 
    [chromium] › e2e/forums/replies-crud.spec.ts:123:7 › Reply System - Nested Threading › should create reply thread up to max depth (5 levels) 
    [chromium] › e2e/forums/replies-crud.spec.ts:186:7 › Reply System - Update › should edit reply content 
    [chromium] › e2e/forums/replies-crud.spec.ts:232:7 › Reply System - Update › should allow reply owner to edit own reply 
    [chromium] › e2e/forums/replies-crud.spec.ts:269:7 › Reply System - Delete › should delete reply (soft delete) 
    [chromium] › e2e/forums/replies-crud.spec.ts:322:7 › Reply System - Solution Marking › should mark reply as solution 
    [chromium] › e2e/forums/replies-crud.spec.ts:358:7 › Reply System - Solution Marking › should unmark solution 
    [chromium] › e2e/forums/replies-crud.spec.ts:402:7 › Reply System - Solution Marking › should prevent multiple solutions on same topic (Bug #3) 
    [chromium] › e2e/forums/security/authorization.spec.ts:35:7 › Authorization - Anonymous User Restrictions › anonymous user can view public topics but not create 
    [chromium] › e2e/forums/security/authorization.spec.ts:59:7 › Authorization - Anonymous User Restrictions › anonymous user cannot vote on replies 
    [chromium] › e2e/forums/security/authorization.spec.ts:98:7 › Authorization - User Cannot Edit Others' Content › user cannot edit another user's topic 
    [chromium] › e2e/forums/security/authorization.spec.ts:127:7 › Authorization - User Cannot Edit Others' Content › user cannot delete another user's topic via API 
    [chromium] › e2e/forums/security/authorization.spec.ts:161:7 › Authorization - User Cannot Edit Others' Content › user cannot delete another user's reply 
    [chromium] › e2e/forums/security/authorization.spec.ts:187:7 › Authorization - Moderator-Only Actions › regular user cannot lock topics 
    [chromium] › e2e/forums/security/authorization.spec.ts:219:7 › Authorization - Moderator-Only Actions › regular user cannot pin topics 
    [chromium] › e2e/forums/security/authorization.spec.ts:249:7 › Authorization - Moderator-Only Actions › moderator CAN perform moderation actions 
    [chromium] › e2e/forums/security/authorization.spec.ts:284:7 › Authorization - Admin-Only Category Access › non-admin cannot access admin-only category 
    [chromium] › e2e/forums/security/authorization.spec.ts:323:7 › Authorization - Admin-Only Category Access › hidden category returns 404 not 403 to prevent info leakage 
    [chromium] › e2e/forums/security/authorization.spec.ts:345:7 › Authorization - Permission Bypass Attempts › cannot bypass permissions via API with manipulated request 
    [chromium] › e2e/forums/security/authorization.spec.ts:362:7 › Authorization - Permission Bypass Attempts › cannot escalate privileges via manipulated session 
    [chromium] › e2e/forums/security/authorization.spec.ts:388:7 › Authorization - Voting Permissions › authenticated user CAN vote on replies 
    [chromium] › e2e/forums/security/authorization.spec.ts:418:7 › Authorization - Voting Permissions › user cannot vote on own reply 
    [chromium] › e2e/forums/security/csrf.spec.ts:55:7 › CSRF Protection - Token Validation › should validate Origin header for state-changing requests 
    [chromium] › e2e/forums/security/csrf.spec.ts:94:7 › CSRF Protection - Token Validation › should allow requests with valid Origin and session 
    [chromium] › e2e/forums/security/csrf.spec.ts:137:7 › CSRF Protection - Same-Site Cookie Enforcement › session cookies should have SameSite attribute 
    [chromium] › e2e/forums/security/csrf.spec.ts:176:7 › CSRF Protection - Same-Site Cookie Enforcement › session cookies should be httpOnly to prevent XSS theft 
    [chromium] › e2e/forums/security/csrf.spec.ts:237:7 › CSRF Protection - Double Submit Cookie Pattern › should implement some form of CSRF protection mechanism 
    [chromium] › e2e/forums/security/rate-limiting.spec.ts:24:7 › Rate Limiting - Topic Creation › should enforce topic creation rate limit 
    [chromium] › e2e/forums/security/rate-limiting.spec.ts:170:7 › Rate Limiting - Reply Creation › should enforce reply creation rate limit 
    [chromium] › e2e/forums/security/rate-limiting.spec.ts:265:7 › Rate Limiting - Voting › should handle rapid voting attempts gracefully 
    [chromium] › e2e/forums/security/sql-injection.spec.ts:24:7 › SQL Injection Prevention - Search Queries › should prevent basic OR-based SQL injection in search 
    [chromium] › e2e/forums/security/sql-injection.spec.ts:61:7 › SQL Injection Prevention - Search Queries › should prevent UNION-based SQL injection in search 
    [chromium] › e2e/forums/security/sql-injection.spec.ts:88:7 › SQL Injection Prevention - Search Queries › should prevent comment-based SQL injection in search 
    [chromium] › e2e/forums/security/sql-injection.spec.ts:121:7 › SQL Injection Prevention - Topic Creation › should prevent SQL injection in topic title 
    [chromium] › e2e/forums/security/sql-injection.spec.ts:154:7 › SQL Injection Prevention - Topic Creation › should prevent SQL injection in topic content 
    [chromium] › e2e/forums/security/sql-injection.spec.ts:185:7 › SQL Injection Prevention - Category Filtering › should prevent SQL injection in category filter 
    [chromium] › e2e/forums/security/sql-injection.spec.ts:213:7 › SQL Injection Prevention - Time-Based Detection › should not be vulnerable to time-based blind SQL injection 
    [chromium] › e2e/forums/security/sql-injection.spec.ts:252:7 › SQL Injection Prevention - Time-Based Detection › should handle malformed SQL gracefully 
    [chromium] › e2e/forums/security/xss-prevention.spec.ts:25:7 › XSS Prevention - Topic Titles › should sanitize script tags in topic title 
    [chromium] › e2e/forums/security/xss-prevention.spec.ts:50:7 › XSS Prevention - Topic Titles › should sanitize event handlers in topic title 
    [chromium] › e2e/forums/security/xss-prevention.spec.ts:73:7 › XSS Prevention - Topic Titles › should sanitize JavaScript URLs in topic title 
    [chromium] › e2e/forums/security/xss-prevention.spec.ts:97:7 › XSS Prevention - Reply Content › should sanitize script tags in reply content 
    [chromium] › e2e/forums/security/xss-prevention.spec.ts:126:7 › XSS Prevention - Reply Content › should sanitize img onerror handlers in reply content 
    [chromium] › e2e/forums/security/xss-prevention.spec.ts:153:7 › XSS Prevention - Reply Content › should sanitize SVG onload handlers in reply content 
    [chromium] › e2e/forums/security/xss-prevention.spec.ts:180:7 › XSS Prevention - Reply Content › should sanitize data URLs in reply content 
    [chromium] › e2e/forums/security/xss-prevention.spec.ts:207:7 › XSS Prevention - Reply Content › should sanitize CSS injection in reply content 
    [chromium] › e2e/forums/security/xss-prevention.spec.ts:242:7 › XSS Prevention - Encoded Payloads › should sanitize URL-encoded XSS payloads 
    [chromium] › e2e/forums/security/xss-prevention.spec.ts:263:7 › XSS Prevention - Encoded Payloads › should sanitize HTML entity-encoded XSS payloads 
    [chromium] › e2e/forums/security/xss-prevention.spec.ts:286:7 › XSS Prevention - Nested/Complex Attacks › should sanitize nested script tags 
    [chromium] › e2e/forums/security/xss-prevention.spec.ts:310:7 › XSS Prevention - Nested/Complex Attacks › should sanitize obfuscated script tags 
    [chromium] › e2e/forums/topics-crud.spec.ts:26:7 › Topic CRUD - Create › should create a new topic with valid data 
    [chromium] › e2e/forums/topics-crud.spec.ts:64:7 › Topic CRUD - Create › should create topic with tags 
    [chromium] › e2e/forums/topics-crud.spec.ts:89:7 › Topic CRUD - Create › should create topic in specific category 
    [chromium] › e2e/forums/topics-crud.spec.ts:112:7 › Topic CRUD - Read/View › should increment view count when viewing topic 
    [chromium] › e2e/forums/topics-crud.spec.ts:148:7 › Topic CRUD - Read/View › should display topic metadata correctly 
    [chromium] › e2e/forums/topics-crud.spec.ts:187:7 › Topic CRUD - Update › should edit topic title and content 
    [chromium] › e2e/forums/topics-crud.spec.ts:218:7 › Topic CRUD - Update › should allow topic owner to edit topic 
    [chromium] › e2e/forums/topics-crud.spec.ts:250:7 › Topic CRUD - Delete › should soft delete topic 
    [chromium] › e2e/forums/topics-crud.spec.ts:286:7 › Topic CRUD - Delete › should allow owner to delete own topic 
    [chromium] › e2e/forums/topics-crud.spec.ts:327:7 › Topic CRUD - Status Changes › should lock topic (moderator action) 
    [chromium] › e2e/forums/topics-crud.spec.ts:356:7 › Topic CRUD - Status Changes › should pin topic (moderator action) 
    [chromium] › e2e/forums/topics-crud.spec.ts:391:7 › Topic CRUD - Status Changes › should mark topic as solved 
    [chromium] › e2e/forums/validation-errors.spec.ts:23:7 › Validation - Topic Creation › should show error for empty title 
    [chromium] › e2e/forums/validation-errors.spec.ts:56:7 › Validation - Topic Creation › should show error for short title (< 3 chars) 
    [chromium] › e2e/forums/validation-errors.spec.ts:89:7 › Validation - Topic Creation › should show error for long title (> 200 chars) 
    [chromium] › e2e/forums/validation-errors.spec.ts:123:7 › Validation - Topic Creation › should show error for empty content 
    [chromium] › e2e/forums/validation-errors.spec.ts:152:7 › Validation - Topic Creation › should show error for invalid category 
    [chromium] › e2e/forums/validation-errors.spec.ts:179:7 › Validation - Topic Creation › should show error for too many tags (> 10) 
    [chromium] › e2e/forums/validation-errors.spec.ts:217:7 › Error Handling - Not Found (404) › should return 404 for non-existent topic 
    [chromium] › e2e/forums/validation-errors.spec.ts:238:7 › Error Handling - Not Found (404) › should return 404 for non-existent reply via API 
    [chromium] › e2e/forums/validation-errors.spec.ts:251:7 › Error Handling - Not Found (404) › should return 404 for non-existent category 
    [chromium] › e2e/forums/validation-errors.spec.ts:269:7 › Error Handling - Reply Validation › should show error for empty reply content 
    [chromium] › e2e/forums/validation-errors.spec.ts:301:7 › Error Handling - Reply Validation › should show error when replying to non-existent topic 
    [chromium] › e2e/forums/voting-complete.spec.ts:26:7 › Voting System - Basic Functionality › should upvote a reply successfully 
    [chromium] › e2e/forums/voting-complete.spec.ts:63:7 › Voting System - Basic Functionality › should downvote a reply successfully 
    [chromium] › e2e/forums/voting-complete.spec.ts:98:7 › Voting System - Vote Toggle › should remove upvote when clicking upvote button again 
    [chromium] › e2e/forums/voting-complete.spec.ts:137:7 › Voting System - Vote Toggle › should remove downvote when clicking downvote button again 
    [chromium] › e2e/forums/voting-complete.spec.ts:171:7 › Voting System - Vote Change › should change from upvote to downvote 
    [chromium] › e2e/forums/voting-complete.spec.ts:210:7 › Voting System - Vote Change › should change from downvote to upvote 
    [chromium] › e2e/forums/voting-complete.spec.ts:244:7 › Voting System - Error Handling › should handle voting on deleted reply gracefully 
    [chromium] › e2e/forums/voting-complete.spec.ts:284:7 › Voting System - Error Handling › should handle optimistic UI rollback on network error 
    [chromium] › e2e/forums/voting-complete.spec.ts:331:7 › Voting System - Vote Button State › should show active state for upvoted reply 
    [chromium] › e2e/forums/voting-complete.spec.ts:370:7 › Voting System - Vote Button State › should persist vote button state across page reload 
    [chromium] › e2e/forums/voting-complete.spec.ts:415:7 › Voting System - Vote Count Accuracy › should maintain accurate vote count with multiple votes 
    [chromium] › e2e/forums/voting-complete.spec.ts:462:7 › Voting System - Vote Count Accuracy › should prevent vote count drift with rapid toggling 
  2 skipped
  2 passed (40.7s)
